** Drc report for geogreen-v0.kicad_pcb **
** Created on 2026-06-30T14:52:31 **
** Report includes: Errors, Warnings **

** Found 7 DRC violations **
[silk_overlap]: Silkscreen clearance
    Rule: board setup constraints silk; warning
    @(42.5000 mm, 6.4000 mm): PCB text 'PRELIMINARY - VERIFY ESP32 FOOTPRINT' on F.Silkscreen
    @(48.2600 mm, 7.2300 mm): Reference field of J2
[silk_overlap]: Silkscreen clearance
    Rule: board setup constraints silk; warning
    @(46.9300 mm, 11.2700 mm): Segment of J2 on F.Silkscreen
    @(52.0000 mm, 16.5000 mm): Segment on F.Silkscreen
[silk_overlap]: Silkscreen clearance
    Rule: board setup constraints silk; warning
    @(49.5900 mm, 11.2700 mm): Segment of J2 on F.Silkscreen
    @(52.0000 mm, 16.5000 mm): Segment on F.Silkscreen
[silk_overlap]: Silkscreen clearance
    Rule: board setup constraints silk; warning
    @(52.0000 mm, 16.5000 mm): Segment on F.Silkscreen
    @(21.5300 mm, 11.2700 mm): Segment of J1 on F.Silkscreen
[silk_overlap]: Silkscreen clearance
    Rule: board setup constraints silk; warning
    @(52.0000 mm, 16.5000 mm): Segment on F.Silkscreen
    @(24.1900 mm, 11.2700 mm): Segment of J1 on F.Silkscreen
[silk_overlap]: Silkscreen clearance
    Rule: board setup constraints silk; warning
    @(74.0000 mm, 23.4320 mm): Reference field of TP1
    @(74.0000 mm, 22.5400 mm): Circle of TP2 on F.Silkscreen
[silk_over_copper]: Silkscreen clipped by solder mask
    Local override; warning
    @(74.0000 mm, 23.4320 mm): Reference field of TP1
    @(74.0000 mm, 22.5400 mm): PTH pad 1 [GND] of TP2

** Found 0 unconnected pads **

** Found 0 Footprint errors **

** Ignored checks **
    - Footprint has no courtyard defined
    - Track endpoint not centered on via
    - Tuning profile track geometries
    - Footprint doesn't match symbol's footprint filters
    - Footprint component type doesn't match footprint pads

** End of Report **
