Drill report for geogreen-v1.kicad_pcb
Created on 2026-07-01T01:34:11

Copper Layer Stackup:
    =============================================================
    L1 :  F.Cu                      front
    L2 :  B.Cu                      back


Drill file 'geogreen-v1-PTH.drl' contains
    plated through holes:
    =============================================================
    T1  0.300mm  0.0118"  (11 holes))
    T2  0.600mm  0.0236"  (4 holes)  (with 4 slots)
    T3  0.700mm  0.0276"  (5 holes))
    T4  0.750mm  0.0295"  (4 holes))
    T5  0.950mm  0.0374"  (4 holes))
    T6  1.000mm  0.0394"  (2 holes))

    Total plated holes count 30


Drill file 'geogreen-v1-NPTH.drl' contains
    unplated through holes:
    =============================================================
    T1  0.650mm  0.0256"  (2 holes))
    T2  2.200mm  0.0866"  (4 holes))

    Total unplated holes count 6
